[backblue.gif]
[fade.gif]
[index.html]
[cdnjs.cloudflare.com/ajax/libs/font-awesome/6.0.0/css/all.min.css]
[unpkg.com/aos@3.0.0-beta.6/dist/aos.css]
[cdn.jsdelivr.net/npm/swiper@11/swiper-bundle.min.css]
[cdnjs.cloudflare.com/ajax/libs/animate.css/4.1.1/animate.min.css]
[cdnjs.cloudflare.com/ajax/libs/flag-icon-css/3.5.0/css/flag-icon.min.css]
[ajax.googleapis.com/ajax/libs/jquery/3.5.1/jquery.min.js]
[ideaigniter.com/frontend/img/logo.png]
[ideaigniter.com/frontend/img/water.png]
[ideaigniter.com/frontend/img/sparkling.png]
[ideaigniter.com/frontend/img/hero1.jpg]
[ideaigniter.com/frontend/img/drinks.png]
[ideaigniter.com/frontend/img/physician icon.png]
[ideaigniter.com/frontend/img/nnutritional facts.png]
[ideaigniter.com/frontend/img/variant/Energy Drink Fruit Punch.png]
[ideaigniter.com/frontend/img/variant/energy drink Mango.png]
[ideaigniter.com/frontend/img/variant/Energy drink Orange.png]
[ideaigniter.com/frontend/img/variant/Energy drink Original.png]
[ideaigniter.com/frontend/img/variant/Energy Drink Strawberry Guava.png]
[ideaigniter.com/frontend/img/variant/Energy Drink Tropical Punch.png]
[ideaigniter.com/frontend/img/variant/Pompelmo Grapefruit.png]
[ideaigniter.com/frontend/img/variant/Recovery Drink Mango.png]
[ideaigniter.com/frontend/img/variant/Recovery Drink Orange Citrus.png]
[ideaigniter.com/frontend/img/variant/Recovery Drink Strawberry.png]
[ideaigniter.com/frontend/img/variant/Recovery Fruit Punch.png]
[ideaigniter.com/frontend/img/variant/spakling Mango.png]
[ideaigniter.com/frontend/img/variant/Sparkling Blood Orange.png]
[ideaigniter.com/frontend/img/variant/Sparkling Mandarin Orange.png]
[ideaigniter.com/frontend/img/variant/Sparkling Pineapple Ginger.png]
[ideaigniter.com/frontend/img/variant/Sparkling Pomegranate Cherry.png]
[ideaigniter.com/frontend/img/variant/Sparkling Tropical Punch.png]
[ideaigniter.com/frontend/img/flavor/Energy drink Fruit punch.png]
[ideaigniter.com/frontend/img/map.jpg]
[ideaigniter.com/frontend/img/sparkling-nobg.png]
[ideaigniter.com/frontend/img/recovery-nbg.png]
[ideaigniter.com/frontend/img/energy-nobg.png]
[ideaigniter.com/frontend/img/user.jpg]
[ideaigniter.com/frontend/img/orange-background-from-slice-of-an-orange-fruit-texture-e1647681977993.png]
[ideaigniter.com/frontend/img/button icons.png]
[ideaigniter.com/frontend/img/button icons1.png]
[ideaigniter.com/frontend/img/card pay.png]
[code.jquery.com/jquery-3.6.0.min.js]
[ideaigniter.com/frontend/js/index.js]
[unpkg.com/aos@3.0.0-beta.6/dist/aos.js]
[cdn.jsdelivr.net/npm/swiper@11/swiper-bundle.min.js]
[ideaigniter.com/frontend/js/nav.js]
[ideaigniter.com/frontend/js/chat.js]
[ideaigniter.com/us.html]
[ideaigniter.com/frontend/css/nav.css]
[ideaigniter.com/frontend/css/footer.css]
[ideaigniter.com/frontend/css/chat.css]
[ideaigniter.com/frontend/font/dinbold.woff2]
[ideaigniter.com/frontend/font/BebasNeue-Regular.woff]
[ideaigniter.com/frontend/font/elementskit.woff]
[ideaigniter.com/frontend/css/style.css]
[cdnjs.cloudflare.com/ajax/libs/font-awesome/6.0.0/css/all.min.css]
[unpkg.com/aos@3.0.0-beta.6/dist/aos.css]
[cdn.jsdelivr.net/npm/swiper@11/swiper-bundle.min.css]
[cdnjs.cloudflare.com/ajax/libs/animate.css/4.1.1/animate.min.css]
[cdnjs.cloudflare.com/ajax/libs/flag-icon-css/3.5.0/css/flag-icon.min.css]
[ideaigniter.com/index.html]
[ideaigniter.com/PK.html]
[ideaigniter.com/frontend/js/products.js]
[ideaigniter.com/PK/products.html]
[ideaigniter.com/frontend/img/variant img/energy 1.png]
[ideaigniter.com/frontend/img/variant img/energy 2.png]
[ideaigniter.com/frontend/img/variant img/energy 3.png]
[ideaigniter.com/frontend/img/variant img/energy 4.png]
[ideaigniter.com/frontend/img/variant img/energy 5.png]
[ideaigniter.com/frontend/img/variant img/energy 6.png]
[ideaigniter.com/frontend/img/variant img/recovery 1.png]
[ideaigniter.com/frontend/img/variant img/recovery 2.png]
[ideaigniter.com/frontend/img/variant img/recovery 3.png]
[ideaigniter.com/frontend/img/variant img/recovery 4.png]
[ideaigniter.com/frontend/img/variant img/sparkling 1.png]
[ideaigniter.com/frontend/img/variant img/sparkling 2.png]
[ideaigniter.com/frontend/img/variant img/sparkling 3.png]
[ideaigniter.com/frontend/img/variant img/sparkling 4.png]
[ideaigniter.com/frontend/img/variant img/sparkling 5.png]
[ideaigniter.com/frontend/img/variant img/sparkling 6.png]
[ideaigniter.com/frontend/img/variant img/sparkling 7.png]
[ideaigniter.com/frontend/js/variant.js]
[ideaigniter.com/PK/variant.html]
[ideaigniter.com/frontend/js/nutrition.js]
[ideaigniter.com/PK/nutrition.html]
[ideaigniter.com/PK/testimonials.html]
[ideaigniter.com/PK/clients.html]
[ideaigniter.com/frontend/img/hero.jpg]
[ideaigniter.com/frontend/js/events.js]
[ideaigniter.com/PK/events.html]
[ideaigniter.com/frontend/js/ambassadors.js]
[ideaigniter.com/PK/ambassadors.html]
[ideaigniter.com/frontend/img/drink-44-2048x1366.webp]
[ideaigniter.com/public/storage/products/16/wbC6PfZvFO.png]
[ideaigniter.com/public/storage/products/17/5mXxkkdgTQ.png]
[ideaigniter.com/public/storage/products/18/gbIPidvbL8.png]
[ideaigniter.com/public/storage/products/19/J3GOW2V4Db.png]
[ideaigniter.com/public/storage/products/20/S2LKQOCfsN.png]
[ideaigniter.com/public/storage/products/21/761DrHTjLU.png]
[ideaigniter.com/public/storage/products/22/rgBgSvW3Yt.png]
[ideaigniter.com/public/storage/products/29/mZbI1ij0ZS.png]
[ideaigniter.com/public/storage/products/30/tUy2l9sDzc.png]
[ideaigniter.com/public/storage/products/31/cEOO0KcN4m.png]
[ideaigniter.com/public/storage/products/32/X6blzX9TFG.png]
[ideaigniter.com/public/storage/products/23/fBDaINYmNO.png]
[ideaigniter.com/public/storage/products/24/aR27DeSA3N.png]
[ideaigniter.com/public/storage/products/25/kQgZiUWhhF.png]
[ideaigniter.com/public/storage/products/26/R1w0Sip15j.png]
[ideaigniter.com/public/storage/products/27/4hq7ognhrU.png]
[ideaigniter.com/public/storage/products/28/ZbXeX7N3Sb.png]
[ideaigniter.com/frontend/js/fitness.js]
[ideaigniter.com/PK/fitness.html]
[ideaigniter.com/PK/blog.html]
[ideaigniter.com/frontend/img/Life-tatste444.webp]
[ideaigniter.com/PK/login.html]
[ideaigniter.com/frontend/img/slider_single_1.jpg]
[ideaigniter.com/frontend/js/contact.js]
[ideaigniter.com/frontend/js/about-us.js]
[ideaigniter.com/PK/about.html]
[unpkg.com/xzoom@1.0.15/dist/xzoom.css]
[ideaigniter.com/storage/app/public/products/16/wbC6PfZvFO.png]
[unpkg.com/xzoom@1.0.15/dist/xzoom.min.js]
[ideaigniter.com/frontend/js/product.js]
[ideaigniter.com/PK/product/detail/16.html]
[ideaigniter.com/storage/app/public/products/29/mZbI1ij0ZS.png]
[ideaigniter.com/PK/product/detail/29.html]
[ideaigniter.com/storage/app/public/products/23/fBDaINYmNO.png]
[ideaigniter.com/PK/product/detail/23.html]
[ideaigniter.com/PK/content.html]
[ideaigniter.com/frontend/css/products.css]
[ideaigniter.com/storage/products/16/wbC6PfZvFO.html]
[ideaigniter.com/storage/products/17/5mXxkkdgTQ.html]
[ideaigniter.com/storage/app/public/products/17/5mXxkkdgTQ.png]
[ideaigniter.com/PK/product/detail/17.html]
[ideaigniter.com/storage/products/18/gbIPidvbL8.html]
[ideaigniter.com/storage/app/public/products/18/gbIPidvbL8.png]
[ideaigniter.com/PK/product/detail/18.html]
[ideaigniter.com/storage/products/19/J3GOW2V4Db.html]
[ideaigniter.com/storage/app/public/products/19/J3GOW2V4Db.png]
[ideaigniter.com/PK/product/detail/19.html]
[ideaigniter.com/storage/products/20/S2LKQOCfsN.html]
[ideaigniter.com/storage/app/public/products/20/S2LKQOCfsN.png]
[ideaigniter.com/PK/product/detail/20.html]
[ideaigniter.com/storage/products/21/761DrHTjLU.html]
[ideaigniter.com/storage/app/public/products/21/761DrHTjLU.png]
[ideaigniter.com/PK/product/detail/21.html]
[ideaigniter.com/storage/products/22/rgBgSvW3Yt.html]
[ideaigniter.com/storage/app/public/products/22/rgBgSvW3Yt.png]
[ideaigniter.com/PK/product/detail/22.html]
[ideaigniter.com/storage/products/23/fBDaINYmNO.html]
[ideaigniter.com/storage/products/24/aR27DeSA3N.html]
[ideaigniter.com/storage/app/public/products/24/aR27DeSA3N.png]
[ideaigniter.com/PK/product/detail/24.html]
[ideaigniter.com/storage/products/25/kQgZiUWhhF.html]
[ideaigniter.com/storage/app/public/products/25/kQgZiUWhhF.png]
[ideaigniter.com/PK/product/detail/25.html]
[ideaigniter.com/storage/products/26/R1w0Sip15j.html]
[ideaigniter.com/storage/app/public/products/26/R1w0Sip15j.png]
[ideaigniter.com/PK/product/detail/26.html]
[ideaigniter.com/storage/products/27/4hq7ognhrU.html]
[ideaigniter.com/storage/app/public/products/27/4hq7ognhrU.png]
[ideaigniter.com/PK/product/detail/27.html]
[ideaigniter.com/storage/products/28/ZbXeX7N3Sb.html]
[ideaigniter.com/storage/app/public/products/28/ZbXeX7N3Sb.png]
[ideaigniter.com/PK/product/detail/28.html]
[ideaigniter.com/storage/products/29/mZbI1ij0ZS.html]
[ideaigniter.com/storage/products/30/tUy2l9sDzc.html]
[ideaigniter.com/storage/app/public/products/30/tUy2l9sDzc.png]
[ideaigniter.com/PK/product/detail/30.html]
[ideaigniter.com/storage/products/31/cEOO0KcN4m.html]
[ideaigniter.com/storage/app/public/products/31/cEOO0KcN4m.png]
[ideaigniter.com/PK/product/detail/31.html]
[ideaigniter.com/storage/products/32/X6blzX9TFG.html]
[ideaigniter.com/storage/app/public/products/32/X6blzX9TFG.png]
[ideaigniter.com/PK/product/detail/32.html]
[ideaigniter.com/frontend/img/5_result.webp]
[ideaigniter.com/frontend/css/variant.css]
[ideaigniter.com/frontend/css/nutrition.css]
[ideaigniter.com/frontend/css/testimonials.css]
[ideaigniter.com/frontend/js/testimonials.js]
[ideaigniter.com/frontend/css/our-clients.css]
[ideaigniter.com/PK/login-2.html]
[ideaigniter.com/PK/testimonials-2.html]
[ideaigniter.com/PK/frontend/img/user.html]
[ideaigniter.com/frontend/css/events.css]
[ideaigniter.com/frontend/css/ambassadors.css]
[ideaigniter.com/PK/contact.html]
[ideaigniter.com/frontend/css/fitness.css]
[ideaigniter.com/PK/frontend/img/sparkling-nobg.html]
[ideaigniter.com/PK/frontend/img/recovery-nbg.html]
[ideaigniter.com/PK/frontend/img/energy-nobg.html]
[ideaigniter.com/PK/blog/details/1.html]
[ideaigniter.com/PK/blog/details/2.html]
[ideaigniter.com/PK/blog/details/3.html]
[ideaigniter.com/PK/blog/details/4.html]
[ideaigniter.com/PK/blog/details/5.html]
[ideaigniter.com/frontend/css/login.css]
[ideaigniter.com/register.html]
[ideaigniter.com/frontend/css/about-us.css]
[ideaigniter.com/frontendimg/about_us_img.html]
[ideaigniter.com/frontend}public/img/square_large.html]
[unpkg.com/xzoom@1.0.15/example/images/xloading.gif]
[unpkg.com/xzoom@1.0.15/dist/xzoom.css]
[ideaigniter.com/frontend/css/product.css]
[ideaigniter.com/login.html]
[ideaigniter.com/frontend/css/contact.css]
[ideaigniter.com/frontend/img/banner.html]
[ideaigniter.com/frontend/img/bannr.html]
[ideaigniter.com/frontend/img/header_bottom.svg]
